// Jest Snapshot v1, https://goo.gl/fbAQLP

exports[`should be the same as the snapshot 1`] = `
<button
  className="sc-htpNat fjeIch"
/>
`;
