// Jest Snapshot v1, https://goo.gl/fbAQLP

exports[`should be the same as the snapshot 1`] = `
.c0 {
  display: -webkit-box;
  display: -webkit-flex;
  display: -ms-flexbox;
  display: flex;
  -webkit-flex: 1;
  -ms-flex: 1;
  flex: 1;
  -webkit-align-items: center;
  -webkit-box-align: center;
  -ms-flex-align: center;
  align-items: center;
  -webkit-box-pack: center;
  -webkit-justify-content: center;
  -ms-flex-pack: center;
  justify-content: center;
  color: #bfbfbf;
  background-color: white;
  padding: 5px;
  margin: 5px;
  font-size: 12px;
  font-weight: 300;
}

<a
  className="c0"
/>
`;
